// Jest Snapshot v1, https://goo.gl/fbAQLP

exports[`AvatarPicker gets rendered with as many avatars as you pass in 1`] = `
<div
  className="popover"
  onClick={[Function]}
>
  <label>
    Choose your avatar
  </label>
  <ul>
    <li
      className="gridElement"
      style={
        Object {
          "display": "inline-block",
        }
      }
    >
      <div
        className="image-wrapper"
        onClick={[Function]}
      >
        <div
          className="overlay-background"
        />
        <img
          alt="avatar"
          className="avatar circle-border  "
          id={undefined}
          onClick={[Function]}
          src="nicePath"
          title="Pick me!"
        />
        <div
          className={null}
        />
      </div>
    </li>
  </ul>
</div>
`;
